INFO:     Started server process [3492]
INFO:     Waiting for application startup.
2026-10-07 17:15:44,699 | INFO    | cycling_coach.api.main         | ==================================================
2026-10-07 17:15:44,699 | INFO    | cycling_coach.api.main         | Cycling Coach Sidecar v0.9.0 启动 (desktop=False)
2026-10-07 17:15:44,699 | INFO    | cycling_coach.api.main         | Mock 模式: True
2026-10-07 17:15:44,699 | INFO    | cycling_coach.api.main         | Workspace: /run/csi/mount-root/nas/eab0d61a99b6696edb3d2aff87b585e8/t7
2026-10-07 17:15:48,267 | INFO    | cycling_coach.data.sqlite.database | 数据库初始化完成
2026-10-07 17:15:48,369 | INFO    | cycling_coach.api.main         | 知识库未导入, 开始首次导入...
2026-10-07 17:15:48,381 | INFO    | cycling_coach.core.kb_importer | 附件导入: 0 个 (0 装饰)
2026-10-07 17:16:50,931 | INFO    | cycling_coach.core.kb_importer | FTS5 索引: 全量填充完成
2026-10-07 17:16:50,965 | INFO    | cycling_coach.core.kb_importer | FTS5 索引: 500 行
2026-10-07 17:16:50,965 | INFO    | cycling_coach.core.kb_importer | 导入完成: {'categories': 359, 'documents': 359, 'chunks': 500, 'attachments': 0, 'doc_attachments': 0, 'likely_decoration': 0, 'errors': []}
2026-10-07 17:16:50,966 | INFO    | cycling_coach.api.main         | 知识库导入完成: docs=359, chunks=500, atts=0
2026-10-07 17:16:50,966 | INFO    | cycling_coach.api.main         | ==================================================
2026-10-07 17:16:50,976 | INFO    | cycling_coach.api.routers.frontend | 已挂载前端静态资源: /workspace/cycling-coach/cycling_coach/static
INFO:     Application startup complete.
INFO:     Uvicorn running on http://127.0.0.1:8986 (Press CTRL+C to quit)
INFO:     127.0.0.1:45096 - "GET /api/health HTTP/1.1" 200 OK
2026-10-07 17:17:37,095 | INFO    | cycling_coach.core.profile.store | 创建默认 athlete: id=1 (FTP/最大心率待用户设置或估算)
2026-10-07 17:17:37,650 | INFO    | cycling_coach.data.sqlite.database | 数据库初始化完成
2026-10-07 17:17:38,731 | ERROR   | cycling_coach.api.routers.demo_data | 载入示例数据失败
Traceback (most recent call last):
  File "/run/csi/mount-root/nas/eab0d61a99b6696edb3d2aff87b585e8/cycling-coach/cycling_coach/api/routers/demo_data.py", line 84, in load_demo
    stats = load_demo_data(weeks=weeks, force=payload.force)
            ^^^^^^^^^^^^^^^^^^^^^^^^^^^^^^^^^^^^^^^^^^^^^^^^
  File "/run/csi/mount-root/nas/eab0d61a99b6696edb3d2aff87b585e8/cycling-coach/tools/load_demo_data.py", line 332, in load_demo_data
    print(f"  已清除空车手 id={placeholder.id} 名字={placeholder.name!r} "
                         ^^^^^^^^^^^^^^
  File "/run/csi/mount-root/nas/eab0d61a99b6696edb3d2aff87b585e8/cycling-coach/.venv/lib/python3.11/site-packages/sqlalchemy/orm/attributes.py", line 575, in __get__
    return self.impl.get(state, dict_)  # type: ignore[no-any-return]
           ^^^^^^^^^^^^^^^^^^^^^^^^^^^
  File "/run/csi/mount-root/nas/eab0d61a99b6696edb3d2aff87b585e8/cycling-coach/.venv/lib/python3.11/site-packages/sqlalchemy/orm/attributes.py", line 1091, in get
    value = self._fire_loader_callables(state, key, passive)
            ^^^^^^^^^^^^^^^^^^^^^^^^^^^^^^^^^^^^^^^^^^^^^^^^
  File "/run/csi/mount-root/nas/eab0d61a99b6696edb3d2aff87b585e8/cycling-coach/.venv/lib/python3.11/site-packages/sqlalchemy/orm/attributes.py", line 1121, in _fire_loader_callables
    return state._load_expired(state, passive)
           ^^^^^^^^^^^^^^^^^^^^^^^^^^^^^^^^^^^
  File "/run/csi/mount-root/nas/eab0d61a99b6696edb3d2aff87b585e8/cycling-coach/.venv/lib/python3.11/site-packages/sqlalchemy/orm/state.py", line 833, in _load_expired
    self.manager.expired_attribute_loader(self, toload, passive)
  File "/run/csi/mount-root/nas/eab0d61a99b6696edb3d2aff87b585e8/cycling-coach/.venv/lib/python3.11/site-packages/sqlalchemy/orm/loading.py", line 1712, in _load_scalar_attributes
    raise orm_exc.ObjectDeletedError(state)
sqlalchemy.orm.exc.ObjectDeletedError: Instance '<Athlete at 0x7f6ae8373410>' has been deleted, or its row is otherwise not present.
INFO:     127.0.0.1:38246 - "POST /api/demo/load HTTP/1.1" 500 Internal Server Error
2026-10-07 17:17:38,824 | INFO    | cycling_coach.core.profile.store | 创建默认 athlete: id=1 (FTP/最大心率待用户设置或估算)
INFO:     127.0.0.1:38258 - "GET /api/athlete HTTP/1.1" 200 OK
INFO:     Shutting down
INFO:     Waiting for application shutdown.
2026-10-07 17:18:00,945 | INFO    | cycling_coach.api.main         | Sidecar 关闭
INFO:     Application shutdown complete.
INFO:     Finished server process [3492]
