============================= test session starts ==============================
collected 3 items

tests/test_tss_without_ftp_v090.py FF.                                   [100%]

=================================== FAILURES ===================================
_____________________ test_tss_computed_with_estimated_ftp _____________________
tests/test_tss_without_ftp_v090.py:64: in test_tss_computed_with_estimated_ftp
    _import_rides(a, 3)
tests/test_tss_without_ftp_v090.py:38: in _import_rides
    svc = ActivityService(athlete.get_bind().session)
                          ^^^^^^^^^^^^^^^^
E   AttributeError: 'Athlete' object has no attribute 'get_bind'
_________________ test_pmc_sees_load_data_without_explicit_ftp _________________
tests/test_tss_without_ftp_v090.py:87: in test_pmc_sees_load_data_without_explicit_ftp
    _import_rides(a, 4)
tests/test_tss_without_ftp_v090.py:38: in _import_rides
    svc = ActivityService(athlete.get_bind().session)
                          ^^^^^^^^^^^^^^^^
E   AttributeError: 'Athlete' object has no attribute 'get_bind'
=============================== warnings summary ===============================
tests/test_tss_without_ftp_v090.py::test_tss_computed_with_estimated_ftp
  /run/csi/mount-root/nas/eab0d61a99b6696edb3d2aff87b585e8/cycling-coach/cycling_coach/core/services/activity.py:58: PydanticDeprecatedSince20: Support for class-based `config` is deprecated, use ConfigDict instead. Deprecated in Pydantic V2.0 to be removed in V3.0. See Pydantic V2 Migration Guide at https://errors.pydantic.dev/2.13/migration/
    class ActivitySummary(BaseModel):

tests/test_tss_without_ftp_v090.py::test_tss_computed_with_estimated_ftp
  /run/csi/mount-root/nas/eab0d61a99b6696edb3d2aff87b585e8/cycling-coach/cycling_coach/core/services/ftp.py:48: PydanticDeprecatedSince20: Support for class-based `config` is deprecated, use ConfigDict instead. Deprecated in Pydantic V2.0 to be removed in V3.0. See Pydantic V2 Migration Guide at https://errors.pydantic.dev/2.13/migration/
    class FTPTestOut(BaseModel):

-- Docs: https://docs.pytest.org/en/stable/how-to/capture-warnings.html
=========================== short test summary info ============================
FAILED tests/test_tss_without_ftp_v090.py::test_tss_computed_with_estimated_ftp
FAILED tests/test_tss_without_ftp_v090.py::test_pmc_sees_load_data_without_explicit_ftp
============== 2 failed, 1 passed, 2 warnings in 87.49s (0:01:27) ==============
