============================= test session starts ==============================
collected 3 items

tests/test_tss_without_ftp_v090.py FF.                                   [100%]

=================================== FAILURES ===================================
_____________________ test_tss_computed_with_estimated_ftp _____________________
tests/test_tss_without_ftp_v090.py:70: in test_tss_computed_with_estimated_ftp
    assert m.get("tss") is not None and m.get("tss") > 0, (
E   AssertionError: FTP 为 None 时 TSS=None —— 用户导入成功却拿不到训练负荷
E   assert (None is not None)
E    +  where None = <built-in method get of dict object at 0x7fd62e157280>('tss')
E    +    where <built-in method get of dict object at 0x7fd62e157280> = {'normalized_power': 200, 'intensity_factor': None, 'tss': None, 'efficiency_factor': 1.33, ...}.get
_________________ test_pmc_sees_load_data_without_explicit_ftp _________________
tests/test_tss_without_ftp_v090.py:92: in test_pmc_sees_load_data_without_explicit_ftp
    assert pmc["has_load_data"] is True, (
E   AssertionError: 有 TSS 的训练被判成'无负荷数据' —— 用户会看到'还没有带功率的训练记录', 而他明明刚导入过
E   assert False is True
=============================== warnings summary ===============================
tests/test_tss_without_ftp_v090.py::test_tss_computed_with_estimated_ftp
  /run/csi/mount-root/nas/eab0d61a99b6696edb3d2aff87b585e8/cycling-coach/cycling_coach/core/services/activity.py:58: PydanticDeprecatedSince20: Support for class-based `config` is deprecated, use ConfigDict instead. Deprecated in Pydantic V2.0 to be removed in V3.0. See Pydantic V2 Migration Guide at https://errors.pydantic.dev/2.13/migration/
    class ActivitySummary(BaseModel):

tests/test_tss_without_ftp_v090.py::test_tss_computed_with_estimated_ftp
  /run/csi/mount-root/nas/eab0d61a99b6696edb3d2aff87b585e8/cycling-coach/cycling_coach/core/services/ftp.py:48: PydanticDeprecatedSince20: Support for class-based `config` is deprecated, use ConfigDict instead. Deprecated in Pydantic V2.0 to be removed in V3.0. See Pydantic V2 Migration Guide at https://errors.pydantic.dev/2.13/migration/
    class FTPTestOut(BaseModel):

-- Docs: https://docs.pytest.org/en/stable/how-to/capture-warnings.html
=========================== short test summary info ============================
FAILED tests/test_tss_without_ftp_v090.py::test_tss_computed_with_estimated_ftp
FAILED tests/test_tss_without_ftp_v090.py::test_pmc_sees_load_data_without_explicit_ftp
============== 2 failed, 1 passed, 2 warnings in 92.02s (0:01:32) ==============
